Enter cleaned data file name: due - 1: to - 100% 
to - 1: the - 100% 
the - 2: nature - 50% project - 50% 
nature - 1: of - 100% 
of - 1: the - 100% 
project - 1: , - 100% 
, - 1: pre-packaged - 100% 
pre-packaged - 1: tests - 100% 
tests - 1: only - 100% 
only - 1: useful - 100% 
useful - 1: check - 100% 
check - 1: adjacency - 100% 
adjacency - 1: lists - 100% 
lists - 1: . - 100% 
. - 0: 

Enter desired sentence length: 
Enter desired number of sentences: 